digraph G {
	overlap=prism;
	sep=2;

	node [color="#4cba3d"];
	get_atom_alternative	 [color="#50ee41"];
	init_alt_site	 [color="#50ee41"];
	init_alt_site -> get_atom_alternative;
	print_alt_info	 [color="#50ee41"];
	init_alt_site -> print_alt_info;
	node [color="#4cba3d"];
	gb_energy_pairlist_test	 [color="#2bf014"];
	gb_energy_pair_test	 [color="#2bf014"];
	gbfunc	 [color="#2bf014"];
	gbfunc -> gb_energy_pairlist_test;
	gbfunc -> gb_energy_pair_test;
	node [color="#4cba3d"];
	born_alpha_grad	 [color="#6dde84"];
	sgb_alpha_grad_drive	 [color="#6dde84"];
	born_alpha_grad -> sgb_alpha_grad_drive;
	sgb_int_grad	 [color="#6dde84"];
	sgb_alpha_grad_drive -> sgb_int_grad;
	node [color="#4cba3d"];
	calc_sgbself_grad	 [color="#6dde84"];
	calc_sgbself_restraint	 [color="#6dde84"];
	fg_esgbself_drive	 [color="#6dde84"];
	fg_esgbself_drive -> calc_sgbself_grad;
	fg_esgbself_drive -> calc_sgbself_restraint;
	node [color="#4cba3d"];
	build_pivots_old	 [color="#dd35a8"];
	does_pivot_overlap	 [color="#dd35a8"];
	build_pivots_old -> does_pivot_overlap;
	node [color="#4cba3d"];
	build_rigidbody_cov_contact	 [color="#ef2fae"];
	set_rigid_contact	 [color="#ef2fae"];
	build_rigidbody_cov_contact -> set_rigid_contact;
	node [color="#4cba3d"];
	timer -> cpu_time;
	node [color="#4cba3d"];
	mutate_init	 [color="#7487cc"];
	node [color="#4cba3d"];
	altsite_build	 [color="#50ee41"];
	node [color="#4cba3d"];
	mk_alt_h_missings	 [color="#50ee41"];
	node [color="#4cba3d"];
	casnorm	 [color="#44312c"];
	node [color="#4cba3d"];
	dot	 [color="#44312c"];
	node [color="#4cba3d"];
	measure_dist	 [color="#44312c"];
	node [color="#4cba3d"];
	norm	 [color="#44312c"];
	node [color="#4cba3d"];
	snorm	 [color="#44312c"];
	node [color="#4cba3d"];
	store_pdb	 [color="#44312c"];
	node [color="#4cba3d"];
	rotamer_selection_report	 [color="#b69e7b"];
	node [color="#4cba3d"];
	assphi	 [color="#03843b"];
	node [color="#4cba3d"];
	check_overflow	 [color="#03843b"];
	node [color="#4cba3d"];
	init_iper	 [color="#03843b"];
	node [color="#4cba3d"];
	sorts	 [color="#03843b"];
	node [color="#4cba3d"];
	cap_min_dist2	 [color="#a09597"];
	node [color="#4cba3d"];
	cell_dynmem_deallocate	 [color="#9ac746"];
	node [color="#4cba3d"];
	add_to_list_front	 [color="#b146d9"];
	node [color="#4cba3d"];
	clust_rmsd_line_new	 [color="#e1cc84"];
	node [color="#4cba3d"];
	get_intersect_line_point	 [color="#ab9fbc"];
	node [color="#4cba3d"];
	get_plane_atoms	 [color="#ab9fbc"];
	node [color="#4cba3d"];
	get_plane_intersect	 [color="#ab9fbc"];
	node [color="#4cba3d"];
	gdist	 [color="#b2b8bf"];
	node [color="#4cba3d"];
	debug_alc_sites	 [color="#601ef8"];
	node [color="#4cba3d"];
	diel_adjust_lig_his	 [color="#601ef8"];
	node [color="#4cba3d"];
	diel_adjust_lig_ions	 [color="#601ef8"];
	node [color="#4cba3d"];
	fast_inv_sqrt	 [color="#601ef8"];
	node [color="#4cba3d"];
	one_lipo_pair_dum	 [color="#601ef8"];
	node [color="#4cba3d"];
	one_lipo_pair_f	 [color="#601ef8"];
	node [color="#4cba3d"];
	one_lipo_pair_fg	 [color="#601ef8"];
	node [color="#4cba3d"];
	plop_set_vd_param	 [color="#601ef8"];
	node [color="#4cba3d"];
	zero_energies	 [color="#601ef8"];
	node [color="#4cba3d"];
	output_grad_vmd_arrows	 [color="#5e4eb8"];
	node [color="#4cba3d"];
	fg_packing_subroutine	 [color="#c00d85"];
	node [color="#4cba3d"];
	fg_packing_subroutine_4p	 [color="#c00d85"];
	node [color="#4cba3d"];
	f_packing_subroutine	 [color="#c00d85"];
	node [color="#4cba3d"];
	grad_k2ab	 [color="#c00d85"];
	node [color="#4cba3d"];
	f_get_lj_energy	 [color="#f3b640"];
	node [color="#4cba3d"];
	helix_dynmem_deallocate	 [color="#e530a0"];
	node [color="#4cba3d"];
	get_applicable_homology_constrain	 [color="#f30a96"];
	node [color="#4cba3d"];
	homology_dynmem_deallocate	 [color="#f30a96"];
	node [color="#4cba3d"];
	isint	 [color="#896c9d"];
	node [color="#4cba3d"];
	isreal	 [color="#896c9d"];
	node [color="#4cba3d"];
	istrln	 [color="#896c9d"];
	node [color="#4cba3d"];
	iswspc	 [color="#896c9d"];
	node [color="#4cba3d"];
	myisdigit	 [color="#896c9d"];
	node [color="#4cba3d"];
	rotamer_frequency	 [color="#d7a26c"];
	node [color="#4cba3d"];
	find_in_ilist	 [color="#3af138"];
	node [color="#4cba3d"];
	rotmatrix	 [color="#3af138"];
	node [color="#4cba3d"];
	rotpoint	 [color="#3af138"];
	node [color="#4cba3d"];
	ligrmsd_control	 [color="#b73bac"];
	node [color="#4cba3d"];
	loop_dynmem_deallocate	 [color="#2cd47a"];
	node [color="#4cba3d"];
	amino_size	 [color="#303fb1"];
	node [color="#4cba3d"];
	bump	 [color="#303fb1"];
	node [color="#4cba3d"];
	contact_params	 [color="#303fb1"];
	node [color="#4cba3d"];
	cosine_dot_product	 [color="#303fb1"];
	node [color="#4cba3d"];
	h_switch	 [color="#303fb1"];
	node [color="#4cba3d"];
	hydrophobicity	 [color="#303fb1"];
	node [color="#4cba3d"];
	hydroprobe	 [color="#303fb1"];
	node [color="#4cba3d"];
	genrand_int31	 [color="#59a3a5"];
	node [color="#4cba3d"];
	genrand_real1	 [color="#59a3a5"];
	node [color="#4cba3d"];
	genrand_real2	 [color="#59a3a5"];
	node [color="#4cba3d"];
	genrand_real3	 [color="#59a3a5"];
	node [color="#4cba3d"];
	get_syminv	 [color="#59a3a5"];
	node [color="#4cba3d"];
	prandom_initialize	 [color="#59a3a5"];
	node [color="#4cba3d"];
	randi	 [color="#59a3a5"];
	node [color="#4cba3d"];
	randp	 [color="#59a3a5"];
	node [color="#4cba3d"];
	uiadd	 [color="#59a3a5"];
	node [color="#4cba3d"];
	uimlt	 [color="#59a3a5"];
	node [color="#4cba3d"];
	uisub	 [color="#59a3a5"];
	node [color="#4cba3d"];
	get_pivots	 [color="#dd35a8"];
	node [color="#4cba3d"];
	select_with_weight	 [color="#dd35a8"];
	node [color="#4cba3d"];
	smc_store_prot_state	 [color="#dd35a8"];
	node [color="#4cba3d"];
	smc_write_prot_state	 [color="#dd35a8"];
	node [color="#4cba3d"];
	new_lambda_test	 [color="#4f7d79"];
	node [color="#4cba3d"];
	pool_replica_exchange_final	 [color="#4f7d79"];
	node [color="#4cba3d"];
	replica_exchange_boltzmann	 [color="#4f7d79"];
	node [color="#4cba3d"];
	zmat_unpackgrad	 [color="#5212d5"];
	node [color="#4cba3d"];
	bci_dynmem_deallocate	 [color="#9b4156"];
	node [color="#4cba3d"];
	score_eval	 [color="#ffd566"];
	node [color="#4cba3d"];
	rname_pdb2gen	 [color="#0a4a29"];
	node [color="#4cba3d"];
	setup_load_multi	 [color="#0a4a29"];
	node [color="#4cba3d"];
	print_sequence	 [color="#17cc54"];
	node [color="#4cba3d"];
	pdb_write_o_anisou	 [color="#7d1364"];
	node [color="#4cba3d"];
	pdb_write_o_atom	 [color="#7d1364"];
	node [color="#4cba3d"];
	gen_random_point	 [color="#972e8c"];
	node [color="#4cba3d"];
	restore_rad_vdw	 [color="#972e8c"];
	node [color="#4cba3d"];
	store_rad_vdw	 [color="#972e8c"];
	node [color="#4cba3d"];
	liga_calc_combine	 [color="#3ba49b"];
	node [color="#4cba3d"];
	liga_dbl_to_str	 [color="#3ba49b"];
	node [color="#4cba3d"];
	liga_set_proc	 [color="#3ba49b"];
	node [color="#4cba3d"];
	liga_sum_task	 [color="#3ba49b"];
	node [color="#4cba3d"];
	restore_res	 [color="#3ba49b"];
	node [color="#4cba3d"];
	store_res	 [color="#3ba49b"];
	node [color="#4cba3d"];
	liga_get_min_task_num	 [color="#1a3fe3"];
	node [color="#4cba3d"];
	fill_plop_aromatic_ring	 [color="#7b9bad"];
	node [color="#4cba3d"];
	plop_atom_index_get	 [color="#7b9bad"];
	node [color="#4cba3d"];
	find_hbond_phi_list	 [color="#b162d3"];
	node [color="#4cba3d"];
	has_movable_polarh	 [color="#b162d3"];
	node [color="#4cba3d"];
	is_polar	 [color="#b162d3"];
	node [color="#4cba3d"];
	is_polarh_state	 [color="#b162d3"];
	node [color="#4cba3d"];
	is_titratable	 [color="#b162d3"];
	node [color="#4cba3d"];
	pka_assign_atoms_res	 [color="#ff73c4"];
	node [color="#4cba3d"];
	plop_write_message	 [color="#623184"];
	node [color="#4cba3d"];
	report_nb_params	 [color="#623184"];
	node [color="#4cba3d"];
	ligres_control	 [color="#14e09a"];
	node [color="#4cba3d"];
	px_get_atom_rigidbody	 [color="#ef2fae"];
	node [color="#4cba3d"];
	px_get_nrigidbody	 [color="#ef2fae"];
	node [color="#4cba3d"];
	px_get_rigidbody_variables	 [color="#ef2fae"];
	node [color="#4cba3d"];
	px_set_rigidbody_variables	 [color="#ef2fae"];
	node [color="#4cba3d"];
	update_rigidbody_atom_coord	 [color="#ef2fae"];
	node [color="#4cba3d"];
	debug_restable	 [color="#f70c84"];
	node [color="#4cba3d"];
	debug_rot_lib	 [color="#f70c84"];
	node [color="#4cba3d"];
	debug_side_params_settings	 [color="#f70c84"];
	node [color="#4cba3d"];
	edit_atom_res_list	 [color="#f70c84"];
	node [color="#4cba3d"];
	find_fatres	 [color="#f70c84"];
	node [color="#4cba3d"];
	read_rot_defaults	 [color="#f70c84"];
	node [color="#4cba3d"];
	shift_residue_arrays	 [color="#f70c84"];
	node [color="#4cba3d"];
	show_fixed_atoms	 [color="#f70c84"];
	node [color="#4cba3d"];
	store_cord_res	 [color="#f70c84"];
	node [color="#4cba3d"];
	write_res_chi	 [color="#f70c84"];
	node [color="#4cba3d"];
	write_res_type_chi	 [color="#f70c84"];
	node [color="#4cba3d"];
	csgb_hb_corr	 [color="#6dde84"];
	node [color="#4cba3d"];
	get_sasa_atom	 [color="#6dde84"];
	node [color="#4cba3d"];
	sheet_report	 [color="#e044ef"];
	node [color="#4cba3d"];
	assign_px_inter_short	 [color="#cc0fcb"];
	node [color="#4cba3d"];
	assign_px_intra_short	 [color="#cc0fcb"];
	node [color="#4cba3d"];
	free_atom_debug	 [color="#cc0fcb"];
	node [color="#4cba3d"];
	pointer_mol	 [color="#cc0fcb"];
	node [color="#4cba3d"];
	print_non_zipped_nb_pairs	 [color="#cc0fcb"];
	node [color="#4cba3d"];
	remove_excluded_atom_matrix	 [color="#cc0fcb"];
	node [color="#4cba3d"];
	valid_chi	 [color="#cc0fcb"];
	node [color="#4cba3d"];
	recenter	 [color="#5c2d5d"];
	node [color="#4cba3d"];
	tether_dynmem_deallocate	 [color="#1f4e05"];
	node [color="#4cba3d"];
	tree_dynmem_deallocate	 [color="#cfa9f8"];
	node [color="#4cba3d"];
	clash_matches	 [color="#74b5ae"];
	node [color="#4cba3d"];
	report_inverse_constraints	 [color="#74b5ae"];

}
